
Discarded input sections

 .text          0x00000000        0x0 src/ASF/avr32/boards/uc3c_ek/init.o
 .data          0x00000000        0x0 src/ASF/avr32/boards/uc3c_ek/init.o
 .bss           0x00000000        0x0 src/ASF/avr32/boards/uc3c_ek/init.o
 .text          0x00000000        0x0 src/ASF/avr32/boards/uc3c_ek/led.o
 .data          0x00000000        0x0 src/ASF/avr32/boards/uc3c_ek/led.o
 .bss           0x00000000        0x0 src/ASF/avr32/boards/uc3c_ek/led.o
 .debug_abbrev  0x00000000      0x272 src/ASF/avr32/boards/uc3c_ek/led.o
 .debug_info    0x00000000      0xaa8 src/ASF/avr32/boards/uc3c_ek/led.o
 .debug_line    0x00000000      0x862 src/ASF/avr32/boards/uc3c_ek/led.o
 .debug_macinfo
                0x00000000   0x14c33f src/ASF/avr32/boards/uc3c_ek/led.o
 .text.LED_Read_Display
                0x00000000        0xc src/ASF/avr32/boards/uc3c_ek/led.o
 .text.LED_Display
                0x00000000       0x54 src/ASF/avr32/boards/uc3c_ek/led.o
 .text.LED_Read_Display_Mask
                0x00000000        0xc src/ASF/avr32/boards/uc3c_ek/led.o
 .text.LED_Test
                0x00000000       0x10 src/ASF/avr32/boards/uc3c_ek/led.o
 .text.LED_Get_Intensity
                0x00000000        0x2 src/ASF/avr32/boards/uc3c_ek/led.o
 .text.LED_Set_Intensity
                0x00000000        0x2 src/ASF/avr32/boards/uc3c_ek/led.o
 .text.LED_Read_Display_Field
                0x00000000       0x18 src/ASF/avr32/boards/uc3c_ek/led.o
 .text.LED_Toggle
                0x00000000       0x50 src/ASF/avr32/boards/uc3c_ek/led.o
 .text.LED_On   0x00000000       0x50 src/ASF/avr32/boards/uc3c_ek/led.o
 .text.LED_Off  0x00000000       0x54 src/ASF/avr32/boards/uc3c_ek/led.o
 .text.LED_Display_Mask
                0x00000000       0x74 src/ASF/avr32/boards/uc3c_ek/led.o
 .text.LED_Display_Field
                0x00000000       0x18 src/ASF/avr32/boards/uc3c_ek/led.o
 .data.LED_State
                0x00000000        0x4 src/ASF/avr32/boards/uc3c_ek/led.o
 .rodata.LED_DESCRIPTOR
                0x00000000       0x40 src/ASF/avr32/boards/uc3c_ek/led.o
 .debug_frame   0x00000000       0xe0 src/ASF/avr32/boards/uc3c_ek/led.o
 .debug_loc     0x00000000       0xff src/ASF/avr32/boards/uc3c_ek/led.o
 .debug_pubnames
                0x00000000       0xf6 src/ASF/avr32/boards/uc3c_ek/led.o
 .debug_aranges
                0x00000000       0x78 src/ASF/avr32/boards/uc3c_ek/led.o
 .debug_ranges  0x00000000       0x70 src/ASF/avr32/boards/uc3c_ek/led.o
 .debug_str     0x00000000      0x4a9 src/ASF/avr32/boards/uc3c_ek/led.o
 .comment       0x00000000       0x31 src/ASF/avr32/boards/uc3c_ek/led.o
 .text          0x00000000        0x0 src/ASF/avr32/drivers/gpio/gpio.o
 .data          0x00000000        0x0 src/ASF/avr32/drivers/gpio/gpio.o
 .bss           0x00000000        0x0 src/ASF/avr32/drivers/gpio/gpio.o
 .text.gpio_enable_gpio_pin
                0x00000000       0x18 src/ASF/avr32/drivers/gpio/gpio.o
 .text.gpio_enable_gpio
                0x00000000       0x28 src/ASF/avr32/drivers/gpio/gpio.o
 .text.gpio_enable_pin_pull_up
                0x00000000       0x1a src/ASF/avr32/drivers/gpio/gpio.o
 .text.gpio_disable_pin_pull_up
                0x00000000       0x16 src/ASF/avr32/drivers/gpio/gpio.o
 .text.gpio_enable_pin_pull_down
                0x00000000       0x1a src/ASF/avr32/drivers/gpio/gpio.o
 .text.gpio_disable_pin_pull_down
                0x00000000       0x16 src/ASF/avr32/drivers/gpio/gpio.o
 .text.gpio_enable_pin_buskeeper
                0x00000000       0x1a src/ASF/avr32/drivers/gpio/gpio.o
 .text.gpio_disable_pin_buskeeper
                0x00000000       0x1a src/ASF/avr32/drivers/gpio/gpio.o
 .text.gpio_configure_group
                0x00000000       0xae src/ASF/avr32/drivers/gpio/gpio.o
 .text.gpio_get_pin_value
                0x00000000       0x16 src/ASF/avr32/drivers/gpio/gpio.o
 .text.gpio_get_gpio_pin_output_value
                0x00000000       0x16 src/ASF/avr32/drivers/gpio/gpio.o
 .text.gpio_get_gpio_open_drain_pin_output_value
                0x00000000       0x1a src/ASF/avr32/drivers/gpio/gpio.o
 .text.gpio_set_gpio_pin
                0x00000000       0x1c src/ASF/avr32/drivers/gpio/gpio.o
 .text.gpio_set_pin_high
                0x00000000       0x16 src/ASF/avr32/drivers/gpio/gpio.o
 .text.gpio_set_group_high
                0x00000000        0xc src/ASF/avr32/drivers/gpio/gpio.o
 .text.gpio_set_pin_low
                0x00000000       0x16 src/ASF/avr32/drivers/gpio/gpio.o
 .text.gpio_clr_gpio_pin
                0x00000000       0x1c src/ASF/avr32/drivers/gpio/gpio.o
 .text.gpio_set_group_low
                0x00000000        0xc src/ASF/avr32/drivers/gpio/gpio.o
 .text.gpio_tgl_gpio_pin
                0x00000000       0x1c src/ASF/avr32/drivers/gpio/gpio.o
 .text.gpio_toggle_pin
                0x00000000       0x16 src/ASF/avr32/drivers/gpio/gpio.o
 .text.gpio_toggle_group
                0x00000000        0xc src/ASF/avr32/drivers/gpio/gpio.o
 .text.gpio_set_gpio_open_drain_pin
                0x00000000       0x18 src/ASF/avr32/drivers/gpio/gpio.o
 .text.gpio_clr_gpio_open_drain_pin
                0x00000000       0x1c src/ASF/avr32/drivers/gpio/gpio.o
 .text.gpio_tgl_gpio_open_drain_pin
                0x00000000       0x1c src/ASF/avr32/drivers/gpio/gpio.o
 .text.gpio_enable_pin_glitch_filter
                0x00000000       0x16 src/ASF/avr32/drivers/gpio/gpio.o
 .text.gpio_disable_pin_glitch_filter
                0x00000000       0x16 src/ASF/avr32/drivers/gpio/gpio.o
 .text.gpio_enable_pin_interrupt
                0x00000000       0x46 src/ASF/avr32/drivers/gpio/gpio.o
 .text.gpio_disable_pin_interrupt
                0x00000000       0x16 src/ASF/avr32/drivers/gpio/gpio.o
 .text.gpio_get_pin_interrupt_flag
                0x00000000       0x18 src/ASF/avr32/drivers/gpio/gpio.o
 .text.gpio_clear_pin_interrupt_flag
                0x00000000       0x16 src/ASF/avr32/drivers/gpio/gpio.o
 .text          0x00000000        0x0 src/ASF/avr32/drivers/intc/exception.o
 .data          0x00000000        0x0 src/ASF/avr32/drivers/intc/exception.o
 .bss           0x00000000        0x0 src/ASF/avr32/drivers/intc/exception.o
 .text          0x00000000        0x0 src/ASF/avr32/drivers/intc/intc.o
 .data          0x00000000        0x0 src/ASF/avr32/drivers/intc/intc.o
 .bss           0x00000000        0x0 src/ASF/avr32/drivers/intc/intc.o
 .text._unhandled_interrupt
                0x00000000        0x2 src/ASF/avr32/drivers/intc/intc.o
 .text.INTC_register_interrupt
                0x00000000       0x80 src/ASF/avr32/drivers/intc/intc.o
 .text.INTC_init_interrupts
                0x00000000       0x54 src/ASF/avr32/drivers/intc/intc.o
 .text          0x00000000        0x0 src/ASF/avr32/utils/startup/startup_uc3.o
 .data          0x00000000        0x0 src/ASF/avr32/utils/startup/startup_uc3.o
 .bss           0x00000000        0x0 src/ASF/avr32/utils/startup/startup_uc3.o
 .text          0x00000000        0x0 src/ASF/avr32/utils/startup/trampoline_uc3.o
 .data          0x00000000        0x0 src/ASF/avr32/utils/startup/trampoline_uc3.o
 .bss           0x00000000        0x0 src/ASF/avr32/utils/startup/trampoline_uc3.o
 .text          0x00000000        0x0 src/main.o
 .data          0x00000000        0x0 src/main.o
 .bss           0x00000000        0x0 src/main.o

Memory Configuration

Name             Origin             Length             Attributes
FLASH            0x80000000         0x00080000         axrl !w
INTRAM           0x00000004         0x0000fffc         axw !rl
HRAM0            0xa0000000         0x00001000         axw !rl
USERPAGE_RESERVED 0x80800000         0x00000004         r
USERPAGE         0x80800004         0x000001fc
*default*        0x00000000         0xffffffff

Linker script and memory map

                0x00001000                _stack_size = 0x1000
LOAD src/ASF/avr32/boards/uc3c_ek/init.o
LOAD src/ASF/avr32/boards/uc3c_ek/led.o
LOAD src/ASF/avr32/drivers/gpio/gpio.o
LOAD src/ASF/avr32/drivers/intc/exception.o
LOAD src/ASF/avr32/drivers/intc/intc.o
LOAD src/ASF/avr32/utils/startup/startup_uc3.o
LOAD src/ASF/avr32/utils/startup/trampoline_uc3.o
LOAD src/main.o
START GROUP
LOAD c:/program files/atmel/atmel toolchain/avr32 gcc/native/3.4.1067/avr32-gnu-toolchain/bin/../lib/gcc/avr32/4.4.7/../../../../avr32/lib/ucr3fp\libm.a
END GROUP
LOAD c:/program files/atmel/atmel toolchain/avr32 gcc/native/3.4.1067/avr32-gnu-toolchain/bin/../lib/gcc/avr32/4.4.7/ucr3fp\libgcc.a
LOAD c:/program files/atmel/atmel toolchain/avr32 gcc/native/3.4.1067/avr32-gnu-toolchain/bin/../lib/gcc/avr32/4.4.7/../../../../avr32/lib/ucr3fp\libc.a
LOAD c:/program files/atmel/atmel toolchain/avr32 gcc/native/3.4.1067/avr32-gnu-toolchain/bin/../lib/gcc/avr32/4.4.7/ucr3fp\libgcc.a
                0xffffffff                __max_heap_size__ = 0xffffffff
                [0xffffffff]                __heap_size__ = DEFINED (__heap_size__)?__heap_size__:__max_heap_size__
                [0x00001000]                __stack_size__ = DEFINED (__stack_size__)?__stack_size__:0x1000
                0x80000000                PROVIDE (__executable_start, 0x80000000)
                0x80000000                . = 0x80000000

.interp
 *(.interp)

.reset          0x80000000     0x2008
 *(.reset)
 .reset         0x80000000        0x4 src/ASF/avr32/utils/startup/startup_uc3.o
                                  0x8 (size before relaxing)
                0x80000000                _start
 .reset         0x80000004     0x2004 src/ASF/avr32/utils/startup/trampoline_uc3.o
                               0x2008 (size before relaxing)
                0x80000004                _trampoline

.hash
 *(.hash)

.dynsym
 *(.dynsym)

.dynstr
 *(.dynstr)

.gnu.version
 *(.gnu.version)

.gnu.version_d
 *(.gnu.version_d)

.gnu.version_r
 *(.gnu.version_r)

.rel.init
 *(.rel.init)

.rela.init
 *(.rela.init)

.rel.text
 *(.rel.text .rel.text.* .rel.gnu.linkonce.t.*)

.rela.text
 *(.rela.text .rela.text.* .rela.gnu.linkonce.t.*)

.rel.fini
 *(.rel.fini)

.rela.fini
 *(.rela.fini)

.rel.rodata
 *(.rel.rodata .rel.rodata.* .rel.gnu.linkonce.r.*)

.rela.rodata
 *(.rela.rodata .rela.rodata.* .rela.gnu.linkonce.r.*)

.rel.data.rel.ro
 *(.rel.data.rel.ro*)

.rela.data.rel.ro
 *(.rel.data.rel.ro*)

.rel.data
 *(.rel.data .rel.data.* .rel.gnu.linkonce.d.*)

.rela.data
 *(.rela.data .rela.data.* .rela.gnu.linkonce.d.*)

.rel.tdata
 *(.rel.tdata .rel.tdata.* .rel.gnu.linkonce.td.*)

.rela.tdata
 *(.rela.tdata .rela.tdata.* .rela.gnu.linkonce.td.*)

.rel.tbss
 *(.rel.tbss .rel.tbss.* .rel.gnu.linkonce.tb.*)

.rela.tbss
 *(.rela.tbss .rela.tbss.* .rela.gnu.linkonce.tb.*)

.rel.ctors
 *(.rel.ctors)

.rela.ctors
 *(.rela.ctors)

.rel.dtors
 *(.rel.dtors)

.rela.dtors
 *(.rela.dtors)

.rel.got
 *(.rel.got)

.rela.got
 *(.rela.got)

.rel.bss
 *(.rel.bss .rel.bss.* .rel.gnu.linkonce.b.*)

.rela.bss
 *(.rela.bss .rela.bss.* .rela.gnu.linkonce.b.*)

.rel.plt
 *(.rel.plt)

.rela.plt
 *(.rela.plt)

.init
 *(.init)

.plt
 *(.plt)

.text           0x80002008      0x2f0
 *(.text .stub .text.* .gnu.linkonce.t.*)
 .text.board_init
                0x80002008       0x7c src/ASF/avr32/boards/uc3c_ek/init.o
                0x80002008                board_init
 .text.gpio_enable_module_pin
                0x80002084       0x94 src/ASF/avr32/drivers/gpio/gpio.o
                0x80002084                gpio_enable_module_pin
 .text.gpio_enable_module
                0x80002118       0x30 src/ASF/avr32/drivers/gpio/gpio.o
                0x80002118                gpio_enable_module
 .text.gpio_configure_pin
                0x80002148      0x130 src/ASF/avr32/drivers/gpio/gpio.o
                0x80002148                gpio_configure_pin
 .text._get_interrupt_handler
                0x80002278       0x38 src/ASF/avr32/drivers/intc/intc.o
                0x80002278                _get_interrupt_handler
 .text._stext   0x800022b0       0x3c src/ASF/avr32/utils/startup/startup_uc3.o
                                 0x50 (size before relaxing)
                0x800022b0                _stext
 .text.main     0x800022ec        0xc src/main.o
                0x800022ec                main
 *(.text.*personality*)
 *(.gnu.warning)

.exception      0x80002400      0x200
 .exception     0x80002400      0x200 src/ASF/avr32/drivers/intc/exception.o
                0x80002400                _evba
                0x80002504                _int0
                0x80002510                _int1
                0x8000251c                _int2
                0x80002528                _int3

.fini
 *(.fini)
                0x80002600                PROVIDE (__etext, .)
                0x80002600                PROVIDE (_etext, .)
                0x80002600                PROVIDE (etext, .)

.rodata         0x80002600      0x1f8
 *(.rodata .rodata.* .gnu.linkonce.r.*)
 .rodata.SD_MMC_SPI_GPIO_MAP.14556
                0x80002600       0x20 src/ASF/avr32/boards/uc3c_ek/init.o
 .rodata.COMPORT_GPIO_MAP.14557
                0x80002620       0x10 src/ASF/avr32/boards/uc3c_ek/init.o
 .rodata.TWI_GPIO_MAP.14558
                0x80002630       0x10 src/ASF/avr32/boards/uc3c_ek/init.o
 .rodata.AT45DBX_SPI_GPIO_MAP.14555
                0x80002640       0x20 src/ASF/avr32/boards/uc3c_ek/init.o
 .rodata.gpio_enable_module_pin
                0x80002660       0x20 src/ASF/avr32/drivers/gpio/gpio.o
 .rodata._int_handler_table
                0x80002680      0x178 src/ASF/avr32/drivers/intc/intc.o

.rodata1
 *(.rodata1)

.eh_frame_hdr
 *(.eh_frame_hdr)

.eh_frame
 *(.eh_frame)

.gcc_except_table
 *(.gcc_except_table)
 *(.gcc_except_table.*)

.lalign         0x800027f8        0x0
                0x800027f8                . = ALIGN (0x8)
                0x800027f8                PROVIDE (_data_lma, .)
                0x00000004                . = ORIGIN (INTRAM)

.dalign         0x00000004        0x4
                0x00000008                . = ALIGN (0x8)
 *fill*         0x00000004        0x4 
                0x00000008                PROVIDE (_data, .)

.eh_frame
 *(.eh_frame)

.gcc_except_table
 *(.gcc_except_table)
 *(.gcc_except_table.*)

.tdata
 *(.tdata .tdata.* .gnu.linkonce.td.*)

.tbss
 *(.tbss .tbss.* .gnu.linkonce.tb.*)
 *(.tcommon)
                0x00000008                PROVIDE (__preinit_array_start, ALIGN (0x4))

.preinit_array
 *(.preinit_array)
                0x00000008                PROVIDE (__preinit_array_end, .)
                0x00000008                PROVIDE (__init_array_start, .)

.init_array
 *(.init_array)
                0x00000008                PROVIDE (__init_array_end, .)
                0x00000008                PROVIDE (__fini_array_start, .)

.fini_array
 *(.fini_array)
                0x00000008                PROVIDE (__fini_array_end, .)

.ctors
 *crtbegin*.o(.ctors)
 *(EXCLUDE_FILE(*crtend*.o) .ctors)
 *(SORT(.ctors.*))
 *(.ctors)

.dtors
 *crtbegin*.o(.dtors)
 *(EXCLUDE_FILE(*crtend*.o) .dtors)
 *(SORT(.dtors.*))
 *(.dtors)

.jcr
 *(.jcr)

.data.rel.ro
 *(.data.rel.ro.local)
 *(.data.rel.ro*)

.dynamic
 *(.dynamic)

.got
 *(.got.plt)
 *(.got)

.ramtext
 *(.ramtext .ramtext.*)

.ddalign        0x00000008        0x0 load address 0x800027f8
                0x00000008                . = ALIGN (0x8)

.data
 *(.data .data.* .gnu.linkonce.d.*)
 *(.gnu.linkonce.d.*personality*)

.data1
 *(.data1)

.balign         0x00000008        0x0 load address 0x800027f8
                0x00000008                . = ALIGN (0x8)
                0x00000008                PROVIDE (_edata, .)
                0x00000008                PROVIDE (edata, .)
                0x00000008                __bss_start = .

.bss            0x00000008      0x1c8
 *(.dynbss)
 *(.bss .bss.* .gnu.linkonce.b.*)
 .bss._int_line_handler_table_0
                0x00000008        0x4 src/ASF/avr32/drivers/intc/intc.o
 .bss._int_line_handler_table_1
                0x0000000c        0x8 src/ASF/avr32/drivers/intc/intc.o
 .bss._int_line_handler_table_2
                0x00000014        0x4 src/ASF/avr32/drivers/intc/intc.o
 .bss._int_line_handler_table_3
                0x00000018       0x10 src/ASF/avr32/drivers/intc/intc.o
 .bss._int_line_handler_table_4
                0x00000028       0x10 src/ASF/avr32/drivers/intc/intc.o
 .bss._int_line_handler_table_5
                0x00000038       0x10 src/ASF/avr32/drivers/intc/intc.o
 .bss._int_line_handler_table_6
                0x00000048       0x10 src/ASF/avr32/drivers/intc/intc.o
 .bss._int_line_handler_table_7
                0x00000058        0x4 src/ASF/avr32/drivers/intc/intc.o
 .bss._int_line_handler_table_8
                0x0000005c        0x4 src/ASF/avr32/drivers/intc/intc.o
 .bss._int_line_handler_table_9
                0x00000060       0x28 src/ASF/avr32/drivers/intc/intc.o
 .bss._int_line_handler_table_10
                0x00000088        0x4 src/ASF/avr32/drivers/intc/intc.o
 .bss._int_line_handler_table_11
                0x0000008c        0x4 src/ASF/avr32/drivers/intc/intc.o
 .bss._int_line_handler_table_12
                0x00000090        0x4 src/ASF/avr32/drivers/intc/intc.o
 .bss._int_line_handler_table_13
                0x00000094        0x4 src/ASF/avr32/drivers/intc/intc.o
 .bss._int_line_handler_table_14
                0x00000098       0x14 src/ASF/avr32/drivers/intc/intc.o
 .bss._int_line_handler_table_15
                0x000000ac       0x10 src/ASF/avr32/drivers/intc/intc.o
 .bss._int_line_handler_table_16
                0x000000bc       0x10 src/ASF/avr32/drivers/intc/intc.o
 .bss._int_line_handler_table_17
                0x000000cc        0x4 src/ASF/avr32/drivers/intc/intc.o
 .bss._int_line_handler_table_18
                0x000000d0       0x40 src/ASF/avr32/drivers/intc/intc.o
 .bss._int_line_handler_table_19
                0x00000110        0x4 src/ASF/avr32/drivers/intc/intc.o
 .bss._int_line_handler_table_33
                0x00000114        0xc src/ASF/avr32/drivers/intc/intc.o
 .bss._int_line_handler_table_34
                0x00000120        0xc src/ASF/avr32/drivers/intc/intc.o
 .bss._int_line_handler_table_35
                0x0000012c        0x8 src/ASF/avr32/drivers/intc/intc.o
 .bss._int_line_handler_table_36
                0x00000134       0x18 src/ASF/avr32/drivers/intc/intc.o
 .bss._int_line_handler_table_37
                0x0000014c        0x4 src/ASF/avr32/drivers/intc/intc.o
 .bss._int_line_handler_table_38
                0x00000150        0x4 src/ASF/avr32/drivers/intc/intc.o
 .bss._int_line_handler_table_39
                0x00000154       0x18 src/ASF/avr32/drivers/intc/intc.o
 .bss._int_line_handler_table_40
                0x0000016c       0x18 src/ASF/avr32/drivers/intc/intc.o
 .bss._int_line_handler_table_29
                0x00000184        0x4 src/ASF/avr32/drivers/intc/intc.o
 .bss._int_line_handler_table_30
                0x00000188        0x4 src/ASF/avr32/drivers/intc/intc.o
 .bss._int_line_handler_table_31
                0x0000018c        0x4 src/ASF/avr32/drivers/intc/intc.o
 .bss._int_line_handler_table_41
                0x00000190        0x4 src/ASF/avr32/drivers/intc/intc.o
 .bss._int_line_handler_table_32
                0x00000194        0x4 src/ASF/avr32/drivers/intc/intc.o
 .bss._int_line_handler_table_45
                0x00000198        0x4 src/ASF/avr32/drivers/intc/intc.o
 .bss._int_line_handler_table_20
                0x0000019c        0x4 src/ASF/avr32/drivers/intc/intc.o
 .bss._int_line_handler_table_21
                0x000001a0        0x4 src/ASF/avr32/drivers/intc/intc.o
 .bss._int_line_handler_table_22
                0x000001a4        0x4 src/ASF/avr32/drivers/intc/intc.o
 .bss._int_line_handler_table_23
                0x000001a8        0x4 src/ASF/avr32/drivers/intc/intc.o
 .bss._int_line_handler_table_24
                0x000001ac        0x4 src/ASF/avr32/drivers/intc/intc.o
 .bss._int_line_handler_table_25
                0x000001b0        0x4 src/ASF/avr32/drivers/intc/intc.o
 .bss._int_line_handler_table_26
                0x000001b4        0x4 src/ASF/avr32/drivers/intc/intc.o
 .bss._int_line_handler_table_27
                0x000001b8        0x4 src/ASF/avr32/drivers/intc/intc.o
 .bss._int_line_handler_table_28
                0x000001bc        0x4 src/ASF/avr32/drivers/intc/intc.o
 .bss._int_line_handler_table_42
                0x000001c0        0x4 src/ASF/avr32/drivers/intc/intc.o
 .bss._int_line_handler_table_43
                0x000001c4        0x4 src/ASF/avr32/drivers/intc/intc.o
 .bss._int_line_handler_table_44
                0x000001c8        0x4 src/ASF/avr32/drivers/intc/intc.o
 .bss._int_line_handler_table_46
                0x000001cc        0x4 src/ASF/avr32/drivers/intc/intc.o
 *(COMMON)
                0x000001d0                . = ALIGN (0x8)
                0x000001d0                . = ALIGN (0x8)
                0x000001d0                _end = .
                0x000001d0                PROVIDE (end, .)
                0x000001d0                __heap_start__ = ALIGN (0x8)

.heap           0x000001d0     0xee30
 *(.heap)
                0x0000ee30                . = (__heap_size__ == __max_heap_size__)?(((ORIGIN (INTRAM) + 0xfffc) - __stack_size__) - ABSOLUTE (.)):__heap_size__
 *fill*         0x000001d0     0xee30 
                0x0000f000                __heap_end__ = .

.stab
 *(.stab)

.stabstr
 *(.stabstr)

.stab.excl
 *(.stab.excl)

.stab.exclstr
 *(.stab.exclstr)

.stab.index
 *(.stab.index)

.stab.indexstr
 *(.stab.indexstr)

.comment        0x00000000       0x30
 *(.comment)
 .comment       0x00000000       0x30 src/ASF/avr32/boards/uc3c_ek/init.o
                                 0x31 (size before relaxing)
 .comment       0x00000000       0x31 src/ASF/avr32/drivers/gpio/gpio.o
 .comment       0x00000000       0x31 src/ASF/avr32/drivers/intc/intc.o
 .comment       0x00000000       0x31 src/main.o

.debug
 *(.debug)

.line
 *(.line)

.debug_srcinfo
 *(.debug_srcinfo)

.debug_sfnames
 *(.debug_sfnames)

.debug_aranges  0x00000000      0x200
 *(.debug_aranges)
 .debug_aranges
                0x00000000       0x20 src/ASF/avr32/boards/uc3c_ek/init.o
 .debug_aranges
                0x00000020      0x120 src/ASF/avr32/drivers/gpio/gpio.o
 .debug_aranges
                0x00000140       0x20 src/ASF/avr32/drivers/intc/exception.o
 .debug_aranges
                0x00000160       0x38 src/ASF/avr32/drivers/intc/intc.o
 .debug_aranges
                0x00000198       0x28 src/ASF/avr32/utils/startup/startup_uc3.o
 .debug_aranges
                0x000001c0       0x20 src/ASF/avr32/utils/startup/trampoline_uc3.o
 .debug_aranges
                0x000001e0       0x20 src/main.o

.debug_pubnames
                0x00000000      0x448
 *(.debug_pubnames)
 .debug_pubnames
                0x00000000       0x21 src/ASF/avr32/boards/uc3c_ek/init.o
 .debug_pubnames
                0x00000021      0x3aa src/ASF/avr32/drivers/gpio/gpio.o
 .debug_pubnames
                0x000003cb       0x62 src/ASF/avr32/drivers/intc/intc.o
 .debug_pubnames
                0x0000042d       0x1b src/main.o

.debug_info     0x00000000     0x1b1b
 *(.debug_info .gnu.linkonce.wi.*)
 .debug_info    0x00000000      0x155 src/ASF/avr32/boards/uc3c_ek/init.o
 .debug_info    0x00000155      0xf50 src/ASF/avr32/drivers/gpio/gpio.o
 .debug_info    0x000010a5       0x85 src/ASF/avr32/drivers/intc/exception.o
 .debug_info    0x0000112a      0x836 src/ASF/avr32/drivers/intc/intc.o
 .debug_info    0x00001960       0x84 src/ASF/avr32/utils/startup/startup_uc3.o
 .debug_info    0x000019e4       0x8b src/ASF/avr32/utils/startup/trampoline_uc3.o
 .debug_info    0x00001a6f       0xac src/main.o

.debug_abbrev   0x00000000      0x61c
 *(.debug_abbrev)
 .debug_abbrev  0x00000000       0xae src/ASF/avr32/boards/uc3c_ek/init.o
 .debug_abbrev  0x000000ae      0x2f4 src/ASF/avr32/drivers/gpio/gpio.o
 .debug_abbrev  0x000003a2       0x14 src/ASF/avr32/drivers/intc/exception.o
 .debug_abbrev  0x000003b6      0x1f2 src/ASF/avr32/drivers/intc/intc.o
 .debug_abbrev  0x000005a8       0x12 src/ASF/avr32/utils/startup/startup_uc3.o
 .debug_abbrev  0x000005ba       0x14 src/ASF/avr32/utils/startup/trampoline_uc3.o
 .debug_abbrev  0x000005ce       0x4e src/main.o

.debug_line     0x00000000     0x23ad
 *(.debug_line)
 .debug_line    0x00000000      0x7d3 src/ASF/avr32/boards/uc3c_ek/init.o
 .debug_line    0x000007d3      0xa2d src/ASF/avr32/drivers/gpio/gpio.o
 .debug_line    0x00001200      0x109 src/ASF/avr32/drivers/intc/exception.o
 .debug_line    0x00001309      0x784 src/ASF/avr32/drivers/intc/intc.o
 .debug_line    0x00001a8d       0xf2 src/ASF/avr32/utils/startup/startup_uc3.o
 .debug_line    0x00001b7f       0x67 src/ASF/avr32/utils/startup/trampoline_uc3.o
 .debug_line    0x00001be6      0x7c7 src/main.o

.debug_frame    0x00000000      0x2f8
 *(.debug_frame)
 .debug_frame   0x00000000       0x28 src/ASF/avr32/boards/uc3c_ek/init.o
 .debug_frame   0x00000028      0x244 src/ASF/avr32/drivers/gpio/gpio.o
 .debug_frame   0x0000026c       0x64 src/ASF/avr32/drivers/intc/intc.o
 .debug_frame   0x000002d0       0x28 src/main.o

.debug_str      0x00000000      0xd73
 *(.debug_str)
 .debug_str     0x00000000      0x12d src/ASF/avr32/boards/uc3c_ek/init.o
                                0x166 (size before relaxing)
 .debug_str     0x0000012d      0x5d7 src/ASF/avr32/drivers/gpio/gpio.o
                                0x6ce (size before relaxing)
 .debug_str     0x00000704      0x65c src/ASF/avr32/drivers/intc/intc.o
                                0x74e (size before relaxing)
 .debug_str     0x00000d60       0x13 src/main.o
                                 0xee (size before relaxing)

.debug_loc      0x00000000      0x4c5
 *(.debug_loc)
 .debug_loc     0x00000000       0x1f src/ASF/avr32/boards/uc3c_ek/init.o
 .debug_loc     0x0000001f      0x3b4 src/ASF/avr32/drivers/gpio/gpio.o
 .debug_loc     0x000003d3       0xd3 src/ASF/avr32/drivers/intc/intc.o
 .debug_loc     0x000004a6       0x1f src/main.o

.debug_macinfo  0x00000000   0x52f5f2
 *(.debug_macinfo)
 .debug_macinfo
                0x00000000   0x14cdaa src/ASF/avr32/boards/uc3c_ek/init.o
 .debug_macinfo
                0x0014cdaa   0x14adc8 src/ASF/avr32/drivers/gpio/gpio.o
 .debug_macinfo
                0x00297b72   0x14ae75 src/ASF/avr32/drivers/intc/intc.o
 .debug_macinfo
                0x003e29e7   0x14cc0b src/main.o

.debug_weaknames
 *(.debug_weaknames)

.debug_funcnames
 *(.debug_funcnames)

.debug_typenames
 *(.debug_typenames)

.debug_varnames
 *(.debug_varnames)

.stack          0x0000f000     0x1000
                0x0000f000                _stack = .
 *(.stack)
                0x00001000                . = __stack_size__
 *fill*         0x0000f000     0x1000 
                0x00010000                _estack = .
                0xa0000000                . = ORIGIN (HRAM0)

.data_hram0     0xa0000000        0x0 load address 0x800027f8
                0xa0000000                PROVIDE (_data_hram0, .)
 *(.data_hram0)
                0xa0000000                . = ALIGN (0x8)
                0xa0000000                PROVIDE (_edata_hram0, .)
                0x800027f8                PROVIDE (_data_hram0_lma, ABSOLUTE (LOADADDR (.data_hram0)))
                0xa0000000                . = ALIGN (0x8)

.bss_hram0      0xa0000000        0x0
                0xa0000000                PROVIDE (__bss_hram0_start, .)
 *(.bss_hram0)
                0xa0000000                PROVIDE (_bss_hram0_end, .)

.userpage
 *(.userpage .userpage.*)

/DISCARD/
 *(.note.GNU-stack)
OUTPUT(AT32UC3C_BasicPrj.elf elf32-avr32)

.debug_ranges   0x00000000      0x1b0
 .debug_ranges  0x00000000       0x18 src/ASF/avr32/boards/uc3c_ek/init.o
 .debug_ranges  0x00000018      0x118 src/ASF/avr32/drivers/gpio/gpio.o
 .debug_ranges  0x00000130       0x48 src/ASF/avr32/drivers/intc/intc.o
 .debug_ranges  0x00000178       0x20 src/ASF/avr32/utils/startup/startup_uc3.o
 .debug_ranges  0x00000198       0x18 src/main.o
